熊猫直播,https://gcwbndali.v.myalicdn.com/gcwbnd/ipanda1000_2/index.m3u8
直播中国,https://gcalic.v.myalicdn.com/gc/wgw05_1/index.m3u8?contentid=2820180516001
支持作者,https://vd2.bdstatic.com/mda-scfjjr0gw3rrk0nm/sc/cae_h264/1773669284080863767/mda-scfjjr0gw3rrk0nm.mp4
AMC电影,http://61.221.215.25:8800/hls/43/index.m3u8
28岁电影,https://goodiptv.club/douyu/8884164
CHC电影,http://183.237.95.108:9901/tsfile/live/1008_1.m3u8?key=txiptv&playlive=0&authid=0
三七电影V,https://goodiptv.club/douyu/9457792
二胖影视,https://goodiptv.club/douyu/10064260
五分钟电影汇,https://goodiptv.club/douyu/8443438
人在囧途,https://vip.ffzy-play.com/20221018/1953_2d6ba500/index.m3u8
人在囧途之泰囧,https://vip.ffzy-play.com/20221018/1951_47e1adc8/index.m3u8
人在囧途之港囧,https://vip.ffzy-play7.com/20230112/11082_fde1a94d/index.m3u8
倩女幽魂人间道,http://jsmov2.a.yximgs.com/bs3/video-hls/5250634317044855747_hlsb.m3u8
倩女幽魂妖魔道,http://jsmov2.a.yximgs.com/bs3/video-hls/5232901391302199073_hlsb.m3u8
倩女幽魂道道道,http://jsmov2.a.yximgs.com/bs3/video-hls/5216294367991385255_hlsb.m3u8
冰冰影剧,http://www.goodiptv.club/douyu/74374
刀刀影院,http://www.goodiptv.club/douyu/747764
刘哔电影,https://goodiptv.club/douyu/2632223
华语影视,http://www.goodiptv.club/douyu/3928
发条张的电影最TOP,https://goodiptv.club/douyu/2164691
古装武侠,http://www.goodiptv.club/douyu/2793084
同同电影,https://goodiptv.club/douyu/10155359
喜剧电影笑不停,https://goodiptv.club/douyu/10298856
四叶草影视,https://goodiptv.club/douyu/9446117
墨逗电影,https://goodiptv.club/douyu/9614847
大米饭影视,https://goodiptv.club/douyu/9824094
大荒电影,https://goodiptv.club/douyu/3508538
天堂电影1895,https://goodiptv.club/douyu/9573592
寒战,https://vip.ffzy-play6.com/20221019/157_bf0740ee/index.m3u8
影视笑工场,https://goodiptv.club/douyu/10298846
怪兽马提尼电影,https://goodiptv.club/douyu/9075333
怪味爆米花电影,https://goodiptv.club/douyu/9422144
我不是药神,https://vip.ffzy-play1.com/20221018/478_c3afed66/index.m3u8
拆弹专家1,https://vip.ffzy-online.com/20221015/719_80ff87c2/index.m3u8
拆弹专家2,https://vip.ffzy-online.com/20221015/722_e32c42bc/index.m3u8
斗鱼港剧,http://www.goodiptv.club/douyu/5061550
林九影视,https://goodiptv.club/douyu/7212528
橙记港剧,http://www.goodiptv.club/douyu/4549169
每日好电影V,https://goodiptv.club/douyu/9533302
洛克电影,https://goodiptv.club/douyu/9414884
涛浪浪电影,https://goodiptv.club/douyu/5424258
热门港剧,http://www.goodiptv.club/douyu/5522351
熊猫电影,https://goodiptv.club/douyu/3506483
爱星影视,https://goodiptv.club/douyu/9476806
特辑电影院,https://goodiptv.club/douyu/3637778
狗毛电影,https://goodiptv.club/douyu/9356637
独立鱼电影,https://goodiptv.club/douyu/2413555
猫眼电影,https://goodiptv.club/douyu/8726221
电影七十二变,https://goodiptv.club/douyu/9323164
电影先锋V,https://goodiptv.club/douyu/8711212
电影八点档,http://live.metshop.top/huya/880261?cdn=alicdn
电影冷知识,https://goodiptv.club/douyu/9660835
电影刘油果,https://goodiptv.club/douyu/3985805
电影嫣然影厅,http://live.metshop.top/huya/11601977?cdn=alicdn
电影小班长,https://goodiptv.club/douyu/549693
电影幕后喵,https://goodiptv.club/douyu/8884074
电影漩涡,https://goodiptv.club/douyu/8706350
电影蜘蛛侠,http://live.metshop.top/huya/21059599?cdn=alicdn
电影迷小雅,https://goodiptv.club/douyu/9639225
电影高分动作,http://live.metshop.top/huya/11352884?cdn=alicdn
电影黑匣子,https://goodiptv.club/douyu/8706652
粤语电影丶,https://goodiptv.club/douyu/1226741
经典剧集,http://www.goodiptv.club/douyu/6863367
维立方电影,https://goodiptv.club/douyu/8706393
莱纳电影,https://goodiptv.club/douyu/9356937
让子弹飞,https://vip.ffzy-play7.com/20230116/11563_b9f44814/index.m3u8
贝爷求生,http://www.goodiptv.club/douyu/9661369
贝爷求生影视,https://goodiptv.club/douyu/9661369
贰哥电影,https://goodiptv.club/douyu/9338867
逐梦电影,https://goodiptv.club/douyu/4058285
邵氏影院,http://www.goodiptv.club/douyu/4246519
野格影视,https://goodiptv.club/douyu/9931766
铁血影视汇,https://goodiptv.club/douyu/9649701
阿苏电影,https://goodiptv.club/douyu/9037784
韩国电影2,https://stream.ads.ottera.tv/playlist.m3u8?network_id=743
香兰爱影视,https://goodiptv.club/douyu/9487090
龙哥盘电影,https://goodiptv.club/douyu/9736161
龙门飞甲,http://jsmov2.a.yximgs.com/bs3/video-hls/5203346449046555193_hlsb.m3u8
纪实科教8K,http://111.31.106.140/downflv.brtvcloud.com/8klive/8kliveok.m3u8
动画大师姐,https://goodiptv.club/douyu/9742136
动画魂,https://goodiptv.club/douyu/9393242
漫尼动画,https://goodiptv.club/douyu/10364790
立秋动画,https://goodiptv.club/douyu/10351891
11No巴蒂11,https://goodiptv.club/douyu/9455937
1900影剧室,https://goodiptv.club/douyu/7796193
3030相声小品,https://goodiptv.club/douyu/9286868
5毒士,https://goodiptv.club/douyu/9406600
7师傅,https://goodiptv.club/douyu/17732
9iota,https://goodiptv.club/douyu/8881729
AK萌虎,https://goodiptv.club/douyu/4049310
Acer丶宏正,https://goodiptv.club/douyu/10670244
Angela小兔,https://goodiptv.club/douyu/9617766
Biu餐厅主管,https://goodiptv.club/douyu/7921708
CmoStar,https://goodiptv.club/douyu/10282256
Co视文化,https://goodiptv.club/douyu/1060418
C座802,https://goodiptv.club/douyu/8768943
DS女老诗,https://goodiptv.club/douyu/563536
Devil青酱,https://goodiptv.club/douyu/9510544
Ethan清醒思考,https://goodiptv.club/douyu/9481151
FGO丶Master1,https://goodiptv.club/douyu/9477851
Fatal飞雪,https://goodiptv.club/douyu/8813596
Hi欣欣,https://goodiptv.club/douyu/11996166
JhZj丶天明,https://goodiptv.club/douyu/1006179
KUMA轻松熊博士,https://goodiptv.club/douyu/2282604
KyoKyo不是QQ,https://goodiptv.club/douyu/4732337
LCPD拉登,https://goodiptv.club/douyu/9503015
LOUIS樱,https://goodiptv.club/douyu/9235284
LR1245,https://goodiptv.club/douyu/12534632
MJ小林大人嗷,https://goodiptv.club/douyu/9204381
Melo的健身课堂,https://goodiptv.club/douyu/9306609
MordonFreeman是谁,https://goodiptv.club/douyu/9524579
OE档案,https://goodiptv.club/douyu/6725858
OneGuy丶,https://goodiptv.club/douyu/9734098
Only丶邵氏,https://goodiptv.club/douyu/4246519
OooOlivia奥莉蕉,https://goodiptv.club/douyu/9678862
PhantomStrider,https://goodiptv.club/douyu/9683911
Poison丶冰冰,https://goodiptv.club/douyu/74374
QLIMES,https://goodiptv.club/douyu/1039732
Rabbit每日爆料,https://goodiptv.club/douyu/9685652
Red袖袖,https://goodiptv.club/douyu/9645396
SH11N,https://goodiptv.club/douyu/9650451
Svip丶YoYo,https://goodiptv.club/douyu/3472959
TFBOYS饭团,https://goodiptv.club/douyu/9565765
TSSS映画,https://goodiptv.club/douyu/9749339
TUOK肖恩,https://goodiptv.club/douyu/9392433
WANJINNY,https://goodiptv.club/douyu/9567755
W总动员,https://goodiptv.club/douyu/9480767
XCin888,https://goodiptv.club/douyu/3617935
YIKa777,https://goodiptv.club/douyu/8868213
a5dmin,https://goodiptv.club/douyu/1102973
a萌小翘臀,https://goodiptv.club/douyu/7552568
baby丶贝贝,https://goodiptv.club/douyu/431460
bestthings丶放假,https://goodiptv.club/douyu/11752532
dw151295068,https://goodiptv.club/douyu/12655359
dy荒野建造,https://goodiptv.club/douyu/10039437
epcdiy,https://goodiptv.club/douyu/8759268
e尔袏,https://goodiptv.club/douyu/12015111
fans圈娱乐,https://goodiptv.club/douyu/9630581
gslaini,https://goodiptv.club/douyu/6997954
ljgdy,https://goodiptv.club/douyu/1600769
mad叶月Mashiro灬,https://goodiptv.club/douyu/9192932
mzx阿哲,https://goodiptv.club/douyu/9483965
py86阿,https://goodiptv.club/douyu/8849954
sweet夏有甜,https://goodiptv.club/douyu/4808115
一个机智张张,https://goodiptv.club/douyu/9653063
一只魔玩,https://goodiptv.club/douyu/9606281
一束光开始,https://goodiptv.club/douyu/8662684
一条闲木鱼,https://goodiptv.club/douyu/10102281
一生titus,https://goodiptv.club/douyu/12065569
一目十影,https://goodiptv.club/douyu/3643605
一颗咕咕星,https://goodiptv.club/douyu/9388557
一颗糖糖canddy,https://goodiptv.club/douyu/9192852
万事通熊猫,https://goodiptv.club/douyu/7812810
万合鲜肉老师,https://goodiptv.club/douyu/9815091
三代鹿人v,https://goodiptv.club/douyu/9629717
三国P陈建斌于和伟,https://goodiptv.club/douyu/12811995
三国颜老师,https://goodiptv.club/douyu/12253936
三斤呦,https://goodiptv.club/douyu/9047933
上来先丢大v,https://goodiptv.club/douyu/9566154
不二真探,https://goodiptv.club/douyu/10319545
不思异剧场,https://goodiptv.club/douyu/9297412
世界未解之谜M,https://goodiptv.club/douyu/9369468
世界纪录大全,https://goodiptv.club/douyu/9406359
中二的枫哲酱,https://goodiptv.club/douyu/9541849
丶清风浊酒丶,https://goodiptv.club/douyu/5918434
主播拍个肚皮,https://goodiptv.club/douyu/9387499
久远丶酱,https://goodiptv.club/douyu/9046649
乌拉吖有剧,https://goodiptv.club/douyu/10075154
乐儿丶Ler,https://goodiptv.club/douyu/8221699
九仙人儿,https://goodiptv.club/douyu/8669085
九冢嵬,https://goodiptv.club/douyu/9393501
乡间大路上,https://goodiptv.club/douyu/9850661
书岳钓鱼,https://goodiptv.club/douyu/10100206
云襄白羽,https://goodiptv.club/douyu/10508677
亮亮也是酿酿,https://goodiptv.club/douyu/4340136
人生回答机本机,https://goodiptv.club/douyu/9409722
人类早期驯服,https://goodiptv.club/douyu/8892864
仓鼠大逃亡,https://goodiptv.club/douyu/10354920
伊太刀刀,https://goodiptv.club/douyu/747764
你的瑜伽女孩,https://goodiptv.club/douyu/10205199
你真像个小丑,https://goodiptv.club/douyu/10730187
俩个麻瓜,https://goodiptv.club/douyu/10121755
倓张TanZ,https://goodiptv.club/douyu/9687221
傲娇一喵喵,https://goodiptv.club/douyu/9392610
傲娇的超级赛亚人,https://goodiptv.club/douyu/4373285
光之镇魂曲,https://goodiptv.club/douyu/12684513
兔兔MC维辰软桃团,https://goodiptv.club/douyu/8266799
养狗的一浩,https://goodiptv.club/douyu/9478842
内蒙卡秋,https://goodiptv.club/douyu/9067858
内蒙古欢乐驿站,https://goodiptv.club/douyu/9365077
农村一级野钓大师,https://goodiptv.club/douyu/9433591
冥王星丶丶,https://goodiptv.club/douyu/296575
冬熊零食铺,https://goodiptv.club/douyu/10586105
冷孝洪,https://goodiptv.club/douyu/9527761
刀刀de食堂,https://goodiptv.club/douyu/6733133
刘也变z,https://goodiptv.club/douyu/9489079
刘少丶7012,https://goodiptv.club/douyu/131977
刘松毅,https://goodiptv.club/douyu/12128227
别闹了美越,https://goodiptv.club/douyu/9548244
到远方旅行,https://goodiptv.club/douyu/9614588
制造show,https://goodiptv.club/douyu/9550226
剧燃有趣,https://goodiptv.club/douyu/10329702
剧透大爆炸,https://goodiptv.club/douyu/1739752
助眠师海宝宝,https://goodiptv.club/douyu/1103328
励志少年派,https://goodiptv.club/douyu/8700367
北京影帝的分身,https://goodiptv.club/douyu/9805480
十七岁的道姑,https://goodiptv.club/douyu/3186217
千代语默,https://goodiptv.club/douyu/9484187
半打星冰乐,https://goodiptv.club/douyu/7481383
半藏同学,https://goodiptv.club/douyu/9372627
华白雨,https://goodiptv.club/douyu/9495454
单纯的顺才少爷,https://goodiptv.club/douyu/10084875
卡皮君本人,https://goodiptv.club/douyu/9050486
卿离倾心,https://goodiptv.club/douyu/7286439
历史经典烩,https://goodiptv.club/douyu/9487003
去种田的向凹凸,https://goodiptv.club/douyu/9570290
双笙陈元汐,https://goodiptv.club/douyu/6476693
只关于篮球的只老师,https://goodiptv.club/douyu/9367541
可乐家的老骑士,https://goodiptv.club/douyu/9958943
台球帝,https://goodiptv.club/douyu/10078171
史君观影,https://goodiptv.club/douyu/9644669
同学请坐吧,https://goodiptv.club/douyu/3736649
同行渔猎笔记,https://goodiptv.club/douyu/2718202
名人物语DY,https://goodiptv.club/douyu/9539063
名曰老饕,https://goodiptv.club/douyu/1732550
吟笑派,https://goodiptv.club/douyu/2987100
吸奇侠,https://goodiptv.club/douyu/8986636
吾恩5nn,https://goodiptv.club/douyu/9631914
周六野Zoey,https://goodiptv.club/douyu/8912150
周星驰的直播间,https://goodiptv.club/douyu/8257039
周末不休息不好玩,https://goodiptv.club/douyu/12814703
咆哮丶土拨鼠,https://goodiptv.club/douyu/9564230
和猫住丶,https://goodiptv.club/douyu/850030
咕噜咕噜剧,https://goodiptv.club/douyu/10082307
咸车,https://goodiptv.club/douyu/9498554
咸鱼翻身是另一面咸鱼,https://goodiptv.club/douyu/527076
哲忆丶,https://goodiptv.club/douyu/8977251
唐人探影,https://goodiptv.club/douyu/10371561
善逸丶,https://goodiptv.club/douyu/2067020
喝水少年孙十一,https://goodiptv.club/douyu/9619048
喵喵喵的猫酱酱,https://goodiptv.club/douyu/11179077
喵招诗雨,https://goodiptv.club/douyu/9651121
喵来啦V,https://goodiptv.club/douyu/8657669
嘴巴鼻子没有沟,https://goodiptv.club/douyu/10217984
国士无双人物传奇,https://goodiptv.club/douyu/9544555
国际吸猫协会,https://goodiptv.club/douyu/8657834
圈踢动漫,https://goodiptv.club/douyu/1952680
在下小苏Su,https://goodiptv.club/douyu/8658051
培根悖论唠唠嗑,https://goodiptv.club/douyu/5354713
堇姑娘,https://goodiptv.club/douyu/297689
壹丨哥,https://goodiptv.club/douyu/5692901
夏利俊EWE路亚,https://goodiptv.club/douyu/9974427
夏日幻听MCE,https://goodiptv.club/douyu/9546437
外卖仙人成天,https://goodiptv.club/douyu/9498506
夙瑶瑾,https://goodiptv.club/douyu/9450568
多发几个思雨,https://goodiptv.club/douyu/7256376
多巴安工作室,https://goodiptv.club/douyu/9446799
夜与白鲸V,https://goodiptv.club/douyu/9734515
大力学姐,https://goodiptv.club/douyu/8784719
大坑侦探社,https://goodiptv.club/douyu/9440339
大帅比陈雅楠,https://goodiptv.club/douyu/9718700
大庆在农村,https://goodiptv.club/douyu/9477316
大汁猪,https://goodiptv.club/douyu/9191071
大河庄一世繁华,https://goodiptv.club/douyu/9501548
大漠叔叔Dm,https://goodiptv.club/douyu/1109218
大熊观影,https://goodiptv.club/douyu/8851140
大狼狗刨祖坟,https://goodiptv.club/douyu/10217975
大笑影院,https://goodiptv.club/douyu/10329300
大胡子魏,https://goodiptv.club/douyu/8792763
大蓝雀,https://goodiptv.club/douyu/8656759
大黄喵吖,https://goodiptv.club/douyu/12392971
天JIANG,https://goodiptv.club/douyu/9455480
天才简史,https://goodiptv.club/douyu/8662915
天才霸总的狐崽崽,https://goodiptv.club/douyu/10394922
奇光主播,https://goodiptv.club/douyu/8009547
奇光主播R,https://goodiptv.club/douyu/12080172
奇光主播q,https://goodiptv.club/douyu/12560807
奇兮兮悄陌,https://goodiptv.club/douyu/953193
奇妙博物馆,https://goodiptv.club/douyu/9409723
奇趣研究,https://goodiptv.club/douyu/8661456
奥雷卡尔克斯,https://goodiptv.club/douyu/1224356
女团社颜老师,https://goodiptv.club/douyu/11327316
女王泡面V,https://goodiptv.club/douyu/9369937
好萌的企鹅393,https://goodiptv.club/douyu/10198644
妈见打ovo,https://goodiptv.club/douyu/9413151
娱乐扒叔,https://goodiptv.club/douyu/9624581
娱乐新番,https://goodiptv.club/douyu/9564845
婧公子,https://goodiptv.club/douyu/9464182
学徒郭昱麟,https://goodiptv.club/douyu/8871095
宇宙探索飞船,https://goodiptv.club/douyu/9456028
宇宙无敌韩三金,https://goodiptv.club/douyu/3194372
宇宙视界,https://goodiptv.club/douyu/9498354
安安601801,https://goodiptv.club/douyu/11283504
安琪儿的羽翼,https://goodiptv.club/douyu/9388783
宋小宝小品,https://goodiptv.club/douyu/9817729
宝蓝和朋友们,https://goodiptv.club/douyu/9283356
尉迟杰影评,https://goodiptv.club/douyu/8850682
小derder哟,https://goodiptv.club/douyu/9974197
小三笠笠酱,https://goodiptv.club/douyu/9188696
小侠来了,https://goodiptv.club/douyu/9734042
小兰酱177,https://goodiptv.club/douyu/11490031
小刚学长o,https://goodiptv.club/douyu/9701497
小太V,https://goodiptv.club/douyu/9606954
小姐姐Bie跑哦,https://goodiptv.club/douyu/8666258
小姐姐不记得,https://goodiptv.club/douyu/3700024
小小天才搞笑视频,https://goodiptv.club/douyu/9419678
小小甜的骑士,https://goodiptv.club/douyu/9236042
小小鹿老师,https://goodiptv.club/douyu/9442889
小手枪Newhandgun,https://goodiptv.club/douyu/8943060
小明不背锅up,https://goodiptv.club/douyu/117854
小林家的旗女仆,https://goodiptv.club/douyu/9211287
小毅主播G,https://goodiptv.club/douyu/12811933
小毅主播e,https://goodiptv.club/douyu/11851549
小毅主播q,https://goodiptv.club/douyu/6906628
小猪优版剧院,https://goodiptv.club/douyu/10297898
小猪搞笑精选,https://goodiptv.club/douyu/10329752
小红在农村,https://goodiptv.club/douyu/1492444
小约翰可汗,https://goodiptv.club/douyu/9738854
小羊放映室,https://goodiptv.club/douyu/9433806
小艾大叔,https://goodiptv.club/douyu/9314668
小铁房乐队,https://goodiptv.club/douyu/9624976
小鸭子老师,https://goodiptv.club/douyu/9627625
小鹏漫剪,https://goodiptv.club/douyu/9476810
少女娜娜酱,https://goodiptv.club/douyu/9445557
少年阿虎233,https://goodiptv.club/douyu/9396762
少打白骨精,https://goodiptv.club/douyu/11531165
尚大人OwO,https://goodiptv.club/douyu/9656124
尽整没用D,https://goodiptv.club/douyu/8791622
屁屁鲁男孩,https://goodiptv.club/douyu/708526
屁屁鸭家族LOVE,https://goodiptv.club/douyu/9461930
山下智博official,https://goodiptv.club/douyu/9186596
屿风体育,https://goodiptv.club/douyu/10329889
岚FLL,https://goodiptv.club/douyu/9409703
崔杋圭五颜一,https://goodiptv.club/douyu/8189873
崔然竣舞台天才,https://goodiptv.club/douyu/113158
工藤新医heart,https://goodiptv.club/douyu/8741860
巫妖王丶怀旧电视游戏,https://goodiptv.club/douyu/1023277
师落,https://goodiptv.club/douyu/6911044
庆皇龙利余,https://goodiptv.club/douyu/9524210
开心嘴炮,https://goodiptv.club/douyu/9026377
开心逛剧场,https://goodiptv.club/douyu/10329310
开心锤锤动漫,https://goodiptv.club/douyu/9018297
开心麻花经典小品,https://goodiptv.club/douyu/10153463
开车大神,https://goodiptv.club/douyu/9759970
张宇394795,https://goodiptv.club/douyu/7508566
张小莹要独立,https://goodiptv.club/douyu/9647285
弹吉他的Miumiu,https://goodiptv.club/douyu/4564166
当下频道,https://goodiptv.club/douyu/9389239
当燕双鹰遇见李元芳,https://goodiptv.club/douyu/3439096
当铁手团遇到光复社,https://goodiptv.club/douyu/5875025
彼岸心属MADEIN伊藤美优,https://goodiptv.club/douyu/40471
往事vs随风1,https://goodiptv.club/douyu/3113309
徐大sao,https://goodiptv.club/douyu/7107176
御前狼王顾云川,https://goodiptv.club/douyu/9517289
微梦屋,https://goodiptv.club/douyu/7027040
徳彪的奇妙冒险,https://goodiptv.club/douyu/9145648
怠惰守夜,https://goodiptv.club/douyu/8842108
怡宝妹妹丶,https://goodiptv.club/douyu/434971
怪事屋,https://goodiptv.club/douyu/8706084
恰饭橘,https://goodiptv.club/douyu/7974136
悉奇,https://goodiptv.club/douyu/9401473
悬疑MOVIE,https://goodiptv.club/douyu/9601429
情感测试小分队,https://goodiptv.club/douyu/9697688
懒猫是只喵,https://goodiptv.club/douyu/260322
戏晶SHOW,https://goodiptv.club/douyu/9565130
成龙历险纪,https://goodiptv.club/douyu/2287949
我为奥迪上黄金,https://goodiptv.club/douyu/9336286
我们可爱的程程,https://goodiptv.club/douyu/329667
我叫孙火旺,https://goodiptv.club/douyu/9770949
我叫萌迪迪V,https://goodiptv.club/douyu/5354705
我是YOLO啊,https://goodiptv.club/douyu/5077166
我是一只粽子啊啊,https://goodiptv.club/douyu/8867276
我是一只西瓜啊,https://goodiptv.club/douyu/9065082
我是怪异君V,https://goodiptv.club/douyu/10279570
我是瓜皮儿本人a,https://goodiptv.club/douyu/9665696
我的超能力女友,https://goodiptv.club/douyu/9501159
我砸晕了牛顿奥,https://goodiptv.club/douyu/1218414
戴萌兔,https://goodiptv.club/douyu/9522315
户外老曹,https://goodiptv.club/douyu/9957389
扒圈圈V,https://goodiptv.club/douyu/9649913
打工战士SWEET,https://goodiptv.club/douyu/8795660
托尔兹桃花剑,https://goodiptv.club/douyu/8896743
拳击大王,https://goodiptv.club/douyu/9385340
拳叔二次元,https://goodiptv.club/douyu/9484105
挖沟连彭沟长,https://goodiptv.club/douyu/8413092
掌上Club,https://goodiptv.club/douyu/1770806
搞笑动漫大本营,https://goodiptv.club/douyu/9650181
搞笑院长,https://goodiptv.club/douyu/8829915
敢来碰我,https://goodiptv.club/douyu/10308225
敬汉卿250,https://goodiptv.club/douyu/2912165
数据库saber,https://goodiptv.club/douyu/9720506
文侠灬杨杨,https://goodiptv.club/douyu/10317257
文曰小强,https://goodiptv.club/douyu/2680501
文西与阿漆,https://goodiptv.club/douyu/8737695
斗鱼恐怖游戏合集,https://goodiptv.club/douyu/10401481
方攵日央木几,https://goodiptv.club/douyu/9942574
旧梦随人心,https://goodiptv.club/douyu/692533
旺仔大哥哥阿,https://goodiptv.club/douyu/9629361
昆特牌之大哥食正野,https://goodiptv.club/douyu/7919720
星空茶茶,https://goodiptv.club/douyu/8635497
是不是Pro,https://goodiptv.club/douyu/9475113
是个小可爱iiii,https://goodiptv.club/douyu/9650782
是你的迷弟吖,https://goodiptv.club/douyu/7039598
是小x同学呀,https://goodiptv.club/douyu/9415020
是忆昔啊,https://goodiptv.club/douyu/9455518
晓晓666666,https://goodiptv.club/douyu/426517
智仗心,https://goodiptv.club/douyu/5635000
暮肆Mousse,https://goodiptv.club/douyu/9634199
暴走兄弟v,https://goodiptv.club/douyu/9350960
暴走漫画,https://goodiptv.club/douyu/1275878
暴躁少女零九,https://goodiptv.club/douyu/9065302
曹小灵比比叨,https://goodiptv.club/douyu/10289400
有一辆立标奔驰,https://goodiptv.club/douyu/12442176
有趣视频分享,https://goodiptv.club/douyu/1816353
木JJ,https://goodiptv.club/douyu/9575463
朱一旦的枯燥生活v,https://goodiptv.club/douyu/7907979
李会长街溜子,https://goodiptv.club/douyu/9741805
李允儿er的助眠小窝,https://goodiptv.club/douyu/9038894
李李李蚊香,https://goodiptv.club/douyu/4786399
村野趣事荟,https://goodiptv.club/douyu/5794474
来呀官人V,https://goodiptv.club/douyu/9986305
杨山羊goat,https://goodiptv.club/douyu/6300365
林家渔妹,https://goodiptv.club/douyu/9348805
果冻lui,https://goodiptv.club/douyu/9191790
柠柠柠萌菌,https://goodiptv.club/douyu/9720895
柠檬檬檬儿vlog,https://goodiptv.club/douyu/9624845
柳青瑶本尊,https://goodiptv.club/douyu/2281324
树根龙门阵,https://goodiptv.club/douyu/1833459
桀骜不驯认识,https://goodiptv.club/douyu/2041014
桃红梨白专栏,https://goodiptv.club/douyu/9568196
梦夫人啊,https://goodiptv.club/douyu/9384527
梦觉教游泳,https://goodiptv.club/douyu/4531679
植物椿de房间,https://goodiptv.club/douyu/9771247
楚汉炒果条丶,https://goodiptv.club/douyu/6785471
橘癫疯Oswald,https://goodiptv.club/douyu/8793544
橙记Orange丶,https://goodiptv.club/douyu/4549169
正宗吔汁吔树牌,https://goodiptv.club/douyu/10217953
正直的陈易,https://goodiptv.club/douyu/9365118
武侠剧场,https://goodiptv.club/douyu/9285904
民工小代,https://goodiptv.club/douyu/9616619
民间高手show,https://goodiptv.club/douyu/10372765
永远快乐的小美女,https://goodiptv.club/douyu/6091425
求求扣扣困困,https://goodiptv.club/douyu/8795274
沂沐啊,https://goodiptv.club/douyu/9481137
沉郁观影,https://goodiptv.club/douyu/9393577
没腿毛的哥哥,https://goodiptv.club/douyu/9720447
沫子瞪片,https://goodiptv.club/douyu/8783035
油兔不二字幕组,https://goodiptv.club/douyu/8850453
泽静,https://goodiptv.club/douyu/9055742
洋房姐姐,https://goodiptv.club/douyu/9172774
流小豆,https://goodiptv.club/douyu/2441228
流心影者,https://goodiptv.club/douyu/9447717
流浪吧王温暖,https://goodiptv.club/douyu/655973
海王尼加拉,https://goodiptv.club/douyu/10039005
海男Rexv,https://goodiptv.club/douyu/9626732
涛哥测评,https://goodiptv.club/douyu/613850
淮秀帮官方,https://goodiptv.club/douyu/2519745
淼漫迷,https://goodiptv.club/douyu/9455567
渔农泰叔,https://goodiptv.club/douyu/9348784
渔戈兄弟赶海,https://goodiptv.club/douyu/9091847
渔村小马,https://goodiptv.club/douyu/1447771
渔民老海,https://goodiptv.club/douyu/9272327
渚岸汐潮233,https://goodiptv.club/douyu/9518082
游钓中国李大毛,https://goodiptv.club/douyu/791411
游钓黑坑一疯子,https://goodiptv.club/douyu/10103411
湖南花戏,https://goodiptv.club/douyu/12091975
滑稽中二梦V,https://goodiptv.club/douyu/8829706
满汉女神Yangqi,https://goodiptv.club/douyu/9650246
漫威君,https://goodiptv.club/douyu/1713615
潇湘公子L,https://goodiptv.club/douyu/9535657
潜伏sc,https://goodiptv.club/douyu/9458345
火柴人HyunsDojo,https://goodiptv.club/douyu/9430394
热星音乐菌,https://goodiptv.club/douyu/8405922
爆笑行为大赏,https://goodiptv.club/douyu/10329767
爪子drumdoll,https://goodiptv.club/douyu/6428730
爱唱跳Rap的胖虎,https://goodiptv.club/douyu/5895598
爱好恐怖片的美男子,https://goodiptv.club/douyu/9280384
爱爱小s,https://goodiptv.club/douyu/10308312
爱玩客iVankr,https://goodiptv.club/douyu/317409
爱黏人的圆子,https://goodiptv.club/douyu/9576933
牛奶味的梦猪猪,https://goodiptv.club/douyu/5261342
犀利影评,https://goodiptv.club/douyu/9647845
狂拽酷炫,https://goodiptv.club/douyu/4332
狄胖胖与李乖乖,https://goodiptv.club/douyu/12183882
猎奇笔记本,https://goodiptv.club/douyu/9627172
猛禽西伯利亚白猿,https://goodiptv.club/douyu/10074407
猪弟驸马爷,https://goodiptv.club/douyu/8862501
猪肉熟了,https://goodiptv.club/douyu/296836
猫记丶,https://goodiptv.club/douyu/9242659
王Li差点红,https://goodiptv.club/douyu/9348469
王俊凯的资源组,https://goodiptv.club/douyu/8862216
王大齐吖,https://goodiptv.club/douyu/3647278
王子和史蒂文,https://goodiptv.club/douyu/9583975
理娱打挺疼,https://goodiptv.club/douyu/2925563
瑟克斯潘克斯,https://goodiptv.club/douyu/9370434
甜漫妮666,https://goodiptv.club/douyu/1569773
用户1275665728,https://goodiptv.club/douyu/9067836
用户2979101,https://goodiptv.club/douyu/9273031
用青春去旅行,https://goodiptv.club/douyu/9629423
田园小漠,https://goodiptv.club/douyu/8669435
电视这个圈儿,https://goodiptv.club/douyu/9425669
画渣花小烙,https://goodiptv.club/douyu/9072066
疯狂小潴潴,https://goodiptv.club/douyu/5522351
疯狂尛潴潴,https://goodiptv.club/douyu/4290711
白了个痴,https://goodiptv.club/douyu/319576
白鱼Sakana,https://goodiptv.club/douyu/9611771
百万巨星麒麟君,https://goodiptv.club/douyu/3431701
百态人间大赏,https://goodiptv.club/douyu/8724904
皮皮动漫星球,https://goodiptv.club/douyu/8841920
皮皮游戏时光,https://goodiptv.club/douyu/7553744
睡丝虫,https://goodiptv.club/douyu/10308234
石头老纪,https://goodiptv.club/douyu/9047060
碎片记,https://goodiptv.club/douyu/9412981
祝晓晗,https://goodiptv.club/douyu/9575293
神奇的大智,https://goodiptv.club/douyu/9650047
神奇的老皮AmazingLP,https://goodiptv.club/douyu/8891285
神烦xp,https://goodiptv.club/douyu/8286679
神迹小霸霸,https://goodiptv.club/douyu/8837963
秋月剪水,https://goodiptv.club/douyu/9588891
科学放映室,https://goodiptv.club/douyu/9439712
科幻Fans布玛,https://goodiptv.club/douyu/3508304
科幻战舰,https://goodiptv.club/douyu/8772060
科幻梦工场,https://goodiptv.club/douyu/9608874
程情写意,https://goodiptv.club/douyu/9191358
穆杉车话,https://goodiptv.club/douyu/9602107
竹儿公公,https://goodiptv.club/douyu/8807568
竹公子有礼了,https://goodiptv.club/douyu/8887432
竹内亮导演,https://goodiptv.club/douyu/8933612
竹叶的熊猫,https://goodiptv.club/douyu/3870925
管哥视频,https://goodiptv.club/douyu/10181584
篮球之家老李,https://goodiptv.club/douyu/9170147
篮球人物,https://goodiptv.club/douyu/8434598
篮球小人物,https://goodiptv.club/douyu/9184257
篮球过人技巧,https://goodiptv.club/douyu/9406897
篮球长镜头,https://goodiptv.club/douyu/9399887
米尼影院,https://goodiptv.club/douyu/7642724
米粒儿动漫,https://goodiptv.club/douyu/9445279
粤男有话儿,https://goodiptv.club/douyu/8764282
粤知一二,https://goodiptv.club/douyu/2940299
粽子酱v,https://goodiptv.club/douyu/9390685
繁星之所在,https://goodiptv.club/douyu/6033135
纪录片之家字幕组,https://goodiptv.club/douyu/8834003
纳豆奶奶666,https://goodiptv.club/douyu/8745628
经典拳赛,https://goodiptv.club/douyu/9412138
维塔利在野外,https://goodiptv.club/douyu/9804068
绿阿掌,https://goodiptv.club/douyu/2365
网友咸几几,https://goodiptv.club/douyu/2174405
网神影厅,https://goodiptv.club/douyu/508118
罗先生699,https://goodiptv.club/douyu/12065805
羊小川,https://goodiptv.club/douyu/11081842
美人而已,https://goodiptv.club/douyu/5138817
翦瞳秋,https://goodiptv.club/douyu/9623057
老人家小熊猫君,https://goodiptv.club/douyu/753342
老段带你钓青鱼,https://goodiptv.club/douyu/10105639
老烟斗鬼故事,https://goodiptv.club/douyu/2337939
老王忆经典,https://goodiptv.club/douyu/9687733
老高与小茉的死忠粉,https://goodiptv.club/douyu/236461
耗子像个战神,https://goodiptv.club/douyu/1557288
聚聚聚一个月,https://goodiptv.club/douyu/4105989
肥宅小草,https://goodiptv.club/douyu/8887438
胆子不小的郑吉祥,https://goodiptv.club/douyu/9171887
胡椒粉的胡歌,https://goodiptv.club/douyu/5448413
胥渡吧直播号,https://goodiptv.club/douyu/2040822
脑袋大1937,https://goodiptv.club/douyu/7655471
芊艺Remix,https://goodiptv.club/douyu/12804900
芒果酱Mangoo,https://goodiptv.club/douyu/138959
芙芙家的洗碗君,https://goodiptv.club/douyu/9446706
花町馆长,https://goodiptv.club/douyu/2295993
花花与三猫CatLive,https://goodiptv.club/douyu/7348194
苏八拉西吐槽屋,https://goodiptv.club/douyu/97643
若轻云之蔽月兮,https://goodiptv.club/douyu/9262563
英大吉来了,https://goodiptv.club/douyu/9174097
苹果Zei妖,https://goodiptv.club/douyu/2793084
苹果Zei甜,https://goodiptv.club/douyu/1174353
茶啊二中官方,https://goodiptv.club/douyu/2925610
草帽丶海贼团,https://goodiptv.club/douyu/997925
草泥泥影院,https://goodiptv.club/douyu/9091049
荒野万池王,https://goodiptv.club/douyu/9544576
荒野伊甸园,https://goodiptv.club/douyu/9611578
荒野动物园,https://goodiptv.club/douyu/9663833
荒野建筑指南,https://goodiptv.club/douyu/10226974
荒野有声书,https://goodiptv.club/douyu/10650322
荒野视界,https://goodiptv.club/douyu/10675329
荒野避难所,https://goodiptv.club/douyu/10234334
莫扎金,https://goodiptv.club/douyu/9272077
菠萝屋SpongeBob,https://goodiptv.club/douyu/12400977
菠萝屋的海绵宝宝,https://goodiptv.club/douyu/3949681
萌宠妙妙屋,https://goodiptv.club/douyu/8653533
萌小鬼,https://goodiptv.club/douyu/3928
萨摩耶王小羊,https://goodiptv.club/douyu/9559063
萱草丶daylily,https://goodiptv.club/douyu/9685770
董王老登,https://goodiptv.club/douyu/9412287
蓝星人一ET,https://goodiptv.club/douyu/9431727
蓝格雷,https://goodiptv.club/douyu/5124602
蓝翔老三国,https://goodiptv.club/douyu/7459925
蔡恩雨Priscilla,https://goodiptv.club/douyu/9662853
蔡老板家的长工丶,https://goodiptv.club/douyu/8869614
蕃薯粥粥煮好了,https://goodiptv.club/douyu/11878141
血小板呐呐,https://goodiptv.club/douyu/4285043
血腥丶妖瞳,https://goodiptv.club/douyu/4231787
要不要请你吃元宝蜡烛,https://goodiptv.club/douyu/4168287
见世君V,https://goodiptv.club/douyu/10220896
言官有本,https://goodiptv.club/douyu/9660124
训练师十六,https://goodiptv.club/douyu/9721338
许君聪经典小品,https://goodiptv.club/douyu/10419558
话很多的小姐姐们,https://goodiptv.club/douyu/8611011
话龙电竞,https://goodiptv.club/douyu/9957571
豆腐芭比,https://goodiptv.club/douyu/6478650
负担亡魂,https://goodiptv.club/douyu/10308242
贾玲经典小品,https://goodiptv.club/douyu/10419541
贾贵队长真男神,https://goodiptv.club/douyu/299854
赤焰男孩,https://goodiptv.club/douyu/9835644
赵本删不删,https://goodiptv.club/douyu/9837104
赵本山经典小品,https://goodiptv.club/douyu/9817716
赶海大弟,https://goodiptv.club/douyu/9348766
起来啦小躺,https://goodiptv.club/douyu/8849047
超wu的大白兔,https://goodiptv.club/douyu/2925299
趣评测李杰灵,https://goodiptv.club/douyu/751316
车模颜值大赏,https://goodiptv.club/douyu/10118209
轩邈Elias,https://goodiptv.club/douyu/9412454
迷剧阿菁,https://goodiptv.club/douyu/9486024
迷影至下Filmlast,https://goodiptv.club/douyu/9187596
追寻那解不开的问题,https://goodiptv.club/douyu/5727066
逍遥自在白辰皓,https://goodiptv.club/douyu/8859276
邸生,https://goodiptv.club/douyu/9665298
郑云工作室,https://goodiptv.club/douyu/2995636
郭云神奇,https://goodiptv.club/douyu/8694831
都市夜魔人老王,https://goodiptv.club/douyu/610972
酉晨君,https://goodiptv.club/douyu/9484541
酋知鱼,https://goodiptv.club/douyu/5408225
酷酷的滕,https://goodiptv.club/douyu/1286383
野灿baka,https://goodiptv.club/douyu/8867233
野生岛民,https://goodiptv.club/douyu/10217843
野行涛哥V,https://goodiptv.club/douyu/9329608
鎏酸v,https://goodiptv.club/douyu/9546016
鑫酱盘动漫,https://goodiptv.club/douyu/9547575
钓鱼大锋子,https://goodiptv.club/douyu/10074370
钓鱼欧尼AnglerJJung,https://goodiptv.club/douyu/10616765
钟意嚼完唔松弟弟边炉,https://goodiptv.club/douyu/8912325
铁头与橘子,https://goodiptv.club/douyu/9450942
铁头钢脚,https://goodiptv.club/douyu/9322081
铁牛杰哥,https://goodiptv.club/douyu/8815425
铁甲影院,https://goodiptv.club/douyu/1274132
锅盖哒,https://goodiptv.club/douyu/9398828
锦书致南辞阿,https://goodiptv.club/douyu/2894528
长片短解,https://goodiptv.club/douyu/9410946
阳仔骑行,https://goodiptv.club/douyu/9329185
阿依图娜,https://goodiptv.club/douyu/9047046
阿尔法是只边牧,https://goodiptv.club/douyu/8662812
阿福ThomasV,https://goodiptv.club/douyu/9194089
陈瀚Siri,https://goodiptv.club/douyu/759805
隐紫大人不会吐槽,https://goodiptv.club/douyu/9207457
雨忆动漫,https://goodiptv.club/douyu/9568700
雪辉TnT,https://goodiptv.club/douyu/8936207
霹雳舞大叔,https://goodiptv.club/douyu/1528853
静静给你糖,https://goodiptv.club/douyu/11752454
鞋荐JMJ,https://goodiptv.club/douyu/865331
音乐台长,https://goodiptv.club/douyu/9629943
顾止最爱的小胖宝贝,https://goodiptv.club/douyu/238643
风云I人物志,https://goodiptv.club/douyu/9970047
马小跳在这儿,https://goodiptv.club/douyu/9722147
马老师是马也Sama,https://goodiptv.club/douyu/8821892
高攀了这人间1,https://goodiptv.club/douyu/9651506
高能恐怖片段君,https://goodiptv.club/douyu/10401475
魔术师丶西索,https://goodiptv.club/douyu/6610883
鯋鱼辰辰,https://goodiptv.club/douyu/7623292
鲁过一世,https://goodiptv.club/douyu/9716515
鲤环姬Lee,https://goodiptv.club/douyu/9791703
鸡腿子软糖,https://goodiptv.club/douyu/8695854
鸡蛋高V,https://goodiptv.club/douyu/9367188
麻雀喳喳野行记,https://goodiptv.club/douyu/10088966
黄栗子Ye,https://goodiptv.club/douyu/9046097
黑T毒物,https://goodiptv.club/douyu/3579219
黑色脑回路,https://goodiptv.club/douyu/9339300
黑衣陌秦mq,https://goodiptv.club/douyu/9559308
龙又z,https://goodiptv.club/douyu/9477915
龙组队长天昊,https://goodiptv.club/douyu/1487654
龙视本山快乐营,https://goodiptv.club/douyu/9374865
龙视欢乐英雄转,https://goodiptv.club/douyu/9374836
龙视超级笑匠,https://goodiptv.club/douyu/9375450
龙馍馍UP,https://goodiptv.club/douyu/1717648
中华特产,http://120.76.248.139/live/bfgd/4200000158.m3u8
优优宝贝,http://120.76.248.139/live/bfgd/4200000153.m3u8
ABN China (720p),https://mediaserver.abnvideos.com/streams/abnchina.m3u8
Ando TV,http://play.kankanlive.com/live/1711956137852982.m3u8
Angel TV Chinese (720p),https://janya-digimix.akamaized.net/vglive-sk-999451/chinese/ngrp:angelchinese_all/playlist.m3u8
Anshun Comprehensive News Channel,https://hplayer1.juyun.tv/camera/154379194.m3u8
延边2,http://stream5.jlntv.cn/wq/playlist.m3u8
Bread TV面包台 (720p),https://video.bread-tv.com:8091/hls-live24/online/index.m3u8
BRTV Kaku Childrens Channel,http://49.113.179.174:4022/udp/238.125.2.216:5140
BRTV Science & Education Channel,http://49.113.179.174:4022/udp/238.125.3.121:5140
2026-03-21 13:49:27,http:///ottrrs.hl.chinamobile.com/PLTV/88888888/8/3221226016/index.m3u8
北京卡酷少儿,http:///ottrrs.hl.chinamobile.com/PLTV/88888888/8/3221225654/index.m3u8
CCTV+ 1 (600p) [Not 24/7],https://cd-live-stream.news.cctvplus.com/live/smil:CHANNEL1.smil/playlist.m3u8
河源公共,http://tmpstream.hyrtv.cn/hygg/sd/live.m3u8
北京卡酷少儿,https://zby.130519.xyz/PLTV/11/224/3221226019/index.m3u8
CCTV+ 2 (600p) [Not 24/7],https://cd-live-stream.news.cctvplus.com/live/smil:CHANNEL2.smil/playlist.m3u8
Ando TV,http://play.kankanlive.com/live/1711956137852982.m3u8
浙江钱江频道,http://ali-m-l.cztv.com/channels/lantian/channel02/1080p.m3u8
北京卡酷少儿,http://[2409:8087:1a01:df::4077]/ottrrs.hl.chinamobile.com/PLTV/88888888/8/3221225654/index.m3u8
CETV1 (576p),http://117.161.133.51:81/gitv_live/G_CETV-1/G_CETV-1.m3u8?p=GITV
Anshun Comprehensive News Channel,https://hplayer1.juyun.tv/camera/154379194.m3u8
CETV2 (576p),http://117.161.133.51:81/gitv_live/G_CETV-2/G_CETV-2.m3u8?p=GITV
生态环境,http://120.76.248.139/live/bfgd/4200000149.m3u8
凤凰卫视,http://api.kkitv.itv888.vip:8080/streams/vny1wblsnch/index.m3u8
Beijing Traffic Radio TV [Geo-blocked],http://123.56.24.28:1935/live/fm1039/96K/tzwj_video.m3u8
Channel Law,http://49.113.179.174:4022/udp/238.125.2.201:5140
番禺综合,http://video.epaper.pybtv.cn:8080/live/rtmp_live_demo.flv
